Γû▓ Next.js 16.1.6 (Turbopack)

  Creating an optimized production build ...
node.exe : Error: 
Cannot apply unknown 
utility class 
`bg-background`. Are 
you using CSS modules 
or similar and missing 
`@reference`? https://t
ailwindcss.com/docs/fun
ctions-and-directives#r
eference-directive
At line:1 char:1
+ & "C:\Program 
Files\nodejs/node.exe" 
"C:\Program 
Files\nodejs/node_mo 
...
+ ~~~~~~~~~~~~~~~~~~~~~
~~~~~~~~~~~~~~~~~~~~~~~
~~~~~~~~~~~~~~~~~~~~~~~
~~
    + CategoryInfo     
         : NotSpecifi  
  ed: (Error: Cannot   
  a...rence-directi    
ve:String) [], Rem    
oteException
    + FullyQualifiedEr 
   rorId : NativeComm  
  andError
 
    [2m[at 
onInvalidCandidate (C:\
Users\yashw\Desktop\pro
j_1.0\global-intel-plat
form\node_modules\tailw
indcss\dist\lib.js:21:1
314)][0m
    [2m[at Ee (C:\User
s\yashw\Desktop\proj_1.
0\global-intel-platform
\node_modules\tailwindc
ss\dist\lib.js:16:37066
)][0m
    [2m[at C:\Users\ya
shw\Desktop\proj_1.0\gl
obal-intel-platform\nod
e_modules\tailwindcss\d
ist\lib.js:21:355][0m
    [2m[at Pr (C:\User
s\yashw\Desktop\proj_1.
0\global-intel-platform
\node_modules\tailwindc
ss\dist\lib.js:3:1733)]
[0m
    [2m[at _ (C:\Users
\yashw\Desktop\proj_1.0
\global-intel-platform\
node_modules\tailwindcs
s\dist\lib.js:3:1377)]
[0m
    [2m[at Te (C:\User
s\yashw\Desktop\proj_1.
0\global-intel-platform
\node_modules\tailwindc
ss\dist\lib.js:21:172)]
[0m
    [2m[at pn (C:\User
s\yashw\Desktop\proj_1.
0\global-intel-platform
\node_modules\tailwindc
ss\dist\lib.js:38:294)]
[0m
    [2m[at process.pro
cessTicksAndRejections 
(node:internal/process/
task_queues:105:5)][0m
    [2m[at async dn (C
:\Users\yashw\Desktop\p
roj_1.0\global-intel-pl
atform\node_modules\tai
lwindcss\dist\lib.js:38
:631)][0m
    [2m[at async Xr (C
:\Users\yashw\Desktop\p
roj_1.0\global-intel-pl
atform\node_modules\@ta
ilwindcss\node\dist\ind
ex.js:10:3417)][0m

> Build error occurred
Error: Turbopack build 
failed with 1 errors:
./src/app/globals.css
Error evaluating 
Node.js code
CssSyntaxError: 
tailwindcss: C:\Users\y
ashw\Desktop\proj_1.0\g
lobal-intel-platform\sr
c\app\globals.css:1:1: 
Cannot apply unknown 
utility class 
`bg-background`. Are 
you using CSS modules 
or similar and missing 
`@reference`? https://t
ailwindcss.com/docs/fun
ctions-and-directives#r
eference-directive
    at Input.error (nod
e_modules/postcss/lib/i
nput.js:135:16) [C:\Use
rs\yashw\Desktop\proj_1
.0\global-intel-platfor
m\.next\build\chunks\no
de_modules_fe693df6._.j
s:4651:22]
    at Root.error (node
_modules/postcss/lib/no
de.js:146:32) [C:\Users
\yashw\Desktop\proj_1.0
\global-intel-platform\
.next\build\chunks\node
_modules_fe693df6._.js:
928:38]
    [at Object.Once (C:
\Users\yashw\Desktop\pr
oj_1.0\global-intel-pla
tform\node_modules\@tai
lwindcss\postcss\dist\i
ndex.js:10:6913)]
    [at process.process
TicksAndRejections (nod
e:internal/process/task
_queues:105:5)]
    at async 
LazyResult.runAsync (no
de_modules/postcss/lib/
lazy-result.js:293:11) 
[C:\Users\yashw\Desktop
\proj_1.0\global-intel-
platform\.next\build\ch
unks\node_modules_fe693
df6._.js:6214:21]
    at async transform 
(turbopack:///[turbopac
k-node]/transforms/post
css.ts:70:34) [C:\Users
\yashw\Desktop\proj_1.0
\global-intel-platform\
.next\build\chunks\[roo
t-of-the-server]__51225
daf._.js:146:36]
    at async run (turbo
pack:///[turbopack-node
]/ipc/evaluate.ts:92:23
) [C:\Users\yashw\Deskt
op\proj_1.0\global-inte
l-platform\.next\build\
chunks\[root-of-the-ser
ver]__974941ed._.js:443
:31]

Import trace:
  Client Component 
Browser:
    
./src/app/globals.css 
[Client Component 
Browser]
    
./src/app/layout.tsx 
[Server Component]


    at async transform 
(turbopack:///[turbopac
k-node]/transforms/post
css.ts:70:34) [C:\Users
\yashw\Desktop\proj_1.0
\global-intel-platform\
.next\build\chunks\[roo
t-of-the-server]__51225
daf._.js:146:36])
    at async run (turbo
pack:///[turbopack-node
]/ipc/evaluate.ts:92:23
) [C:\Users\yashw\Deskt
op\proj_1.0\global-inte
l-platform\.next\build\
chunks\[root-of-the-ser
ver]__974941ed._.js:443
:31])
